// Jest Snapshot v1, https://goo.gl/fbAQLP

exports[`Overlay tests createResultOverlay Should add children elements 1`] = `
<div
  dangerouslySetInnerHTML={
    Object {
      "__html": "<div insight-ad-block=\\"true\\" insight-hidden-result=\\"true\\" class=\\"insight-blocked\\"><div class=\\"insight-some-selector-overlay insight-hidden\\" style=\\"z-index: 9996;\\"><div class=\\"insight-some-selector-text-wrapper\\"><div class=\\"insight-some-selector-inner-text\\"></div></div></div></div>",
    }
  }
/>
`;
